42
4
7
-9109
6
1
5
10
10
-24
2
1
1
-2
212729932089397786607094835434169860267629347462565051776573263560751683610
194
