42
6
[5, 6, [7, 8]]
[4, 6, [7, 8]]
[4, 6, [7, 3]]
[1, 4]
[5, 4]
[5, 4]
[100, 200, 7]
[100, 200, 7]
7
None
42
None
[100, 200, 3]
33
[1, 1]
[2, 1]
